# Valid IPv4
192.168.1.25 - GET /index.html
10.0.0.100 - POST /login

# Edge cases
0.0.0.0 - DEFAULT_ROUTE
255.255.255.255 - BROADCAST
192.168.1.0 - NETWORK_ADDR
192.168.1.255 - BROADCAST_ADDR

# Invalid data
192.168.1.256 - INVALID_OCTET
192.168.1 - INCOMPLETE
invalid.ip - CORRUPTED
 - EMPTY_LINE

# Filter boundary checks
10.0.0.1 - LOWER_BOUND
10.0.0.100 - UPPER_BOUND
10.0.0.101 - OUT_OF_RANGE